AR num_aleatorio behavioral C:/Users/Manuel/Practica3/num_aleatorio.vhd sub00/vhpl08 1623253187
PH picoblaze_pkg NULL C:/Users/Manuel/Practica3/picoblaze_pkg.vhd sub00/vhpl19 1623253162
EN num_aleatorio NULL C:/Users/Manuel/Practica3/num_aleatorio.vhd sub00/vhpl07 1623253186
EN micro_total NULL C:/Users/Manuel/Practica3/micro_total.vhd sub00/vhpl28 1623253188
EN vga_ctrl NULL C:/Users/Manuel/Practica3/vga_ctrl.vhd sub00/vhpl01 1623253180
AR vga_texto behavioral C:/Users/Manuel/Practica3/vga_texto.vhd sub00/vhpl04 1623253183
AR simulacion behavioral C:/Users/Manuel/Practica3/sim.vhd sub00/vhpl21 1623253173
EN pantalla_vga NULL C:/Users/Manuel/Practica3/pantalla_vga.vhd sub00/vhpl05 1623253184
EN puertos_out NULL C:/Users/Manuel/Practica3/puertos_out.vhd sub00/vhpl26 1623253178
EN juego NULL C:/Users/Manuel/Practica3/juego.vhd sub00/vhpl09 1623253190
EN puertos_in NULL C:/Users/Manuel/Practica3/puertos_in.vhd sub00/vhpl24 1623253176
AR micro_total behavioral C:/Users/Manuel/Practica3/micro_total.vhd sub00/vhpl29 1623253189
AR prog_fin behavioral C:/Users/Manuel/Practica3/prog_fin.vhd sub00/vhpl23 1623253175
AR prog low_level_definition C:/Users/Manuel/Practica3/ahorcado_imp.vhd sub00/vhpl12 1623253164
EN prog_sim NULL C:/Users/Manuel/Practica3/ahorcado_sim.vhd sub00/vhpl13 1623253165
AR interrupcion_pblaze behavioral C:/Users/Manuel/Practica3/interrupcion_pblaze.vhd sub00/vhpl16 1623253169
EN kcpsm3 NULL C:/Users/Manuel/Practica3/kcpsm3.vhd sub00/vhpl17 1623253170
EN interrupcion_pblaze NULL C:/Users/Manuel/Practica3/interrupcion_pblaze.vhd sub00/vhpl15 1623253168
AR juego behavioral C:/Users/Manuel/Practica3/juego.vhd sub00/vhpl10 1623253191
EN prog NULL C:/Users/Manuel/Practica3/ahorcado_imp.vhd sub00/vhpl11 1623253163
EN vga_texto NULL C:/Users/Manuel/Practica3/vga_texto.vhd sub00/vhpl03 1623253182
AR puertos_out behavioral C:/Users/Manuel/Practica3/puertos_out.vhd sub00/vhpl27 1623253179
AR prog_sim low_level_definition C:/Users/Manuel/Practica3/ahorcado_sim.vhd sub00/vhpl14 1623253166
AR pantalla_vga behavioral C:/Users/Manuel/Practica3/pantalla_vga.vhd sub00/vhpl06 1623253185
EN simulacion NULL C:/Users/Manuel/Practica3/sim.vhd sub00/vhpl20 1623253172
EN prog_fin NULL C:/Users/Manuel/Practica3/prog_fin.vhd sub00/vhpl22 1623253174
AR puertos_in behavioral C:/Users/Manuel/Practica3/puertos_in.vhd sub00/vhpl25 1623253177
AR kcpsm3 low_level_definition C:/Users/Manuel/Practica3/kcpsm3.vhd sub00/vhpl18 1623253171
AR vga_ctrl behavioral C:/Users/Manuel/Practica3/vga_ctrl.vhd sub00/vhpl02 1623253181
PH font_caracteres NULL C:/Users/Manuel/Practica3/font_caracteres.vhd sub00/vhpl00 1623253167
