AR num_aleatorio behavioral C:/Users/Manuel/Practica3/num_aleatorio.vhd sub00/vhpl08 1622647723
PH picoblaze_pkg NULL C:/Users/Manuel/Practica3/picoblaze_pkg.vhd sub00/vhpl19 1622647698
EN num_aleatorio NULL C:/Users/Manuel/Practica3/num_aleatorio.vhd sub00/vhpl07 1622647722
EN micro_total NULL C:/Users/Manuel/Practica3/micro_total.vhd sub00/vhpl28 1622647724
EN vga_ctrl NULL C:/Users/Manuel/Practica3/vga_ctrl.vhd sub00/vhpl01 1622647716
AR vga_texto behavioral C:/Users/Manuel/Practica3/vga_texto.vhd sub00/vhpl04 1622647719
AR simulacion behavioral C:/Users/Manuel/Practica3/sim.vhd sub00/vhpl21 1622647709
EN pantalla_vga NULL C:/Users/Manuel/Practica3/pantalla_vga.vhd sub00/vhpl05 1622647720
EN puertos_out NULL C:/Users/Manuel/Practica3/puertos_out.vhd sub00/vhpl26 1622647714
EN juego NULL C:/Users/Manuel/Practica3/juego.vhd sub00/vhpl09 1622647726
EN puertos_in NULL C:/Users/Manuel/Practica3/puertos_in.vhd sub00/vhpl24 1622647712
AR micro_total behavioral C:/Users/Manuel/Practica3/micro_total.vhd sub00/vhpl29 1622647725
AR prog_fin behavioral C:/Users/Manuel/Practica3/prog_fin.vhd sub00/vhpl23 1622647711
AR prog low_level_definition C:/Users/Manuel/Practica3/ahorcado_imp.vhd sub00/vhpl12 1622647700
EN prog_sim NULL C:/Users/Manuel/Practica3/ahorcado_sim.vhd sub00/vhpl13 1622647701
AR interrupcion_pblaze behavioral C:/Users/Manuel/Practica3/interrupcion_pblaze.vhd sub00/vhpl16 1622647705
EN kcpsm3 NULL C:/Users/Manuel/Practica3/kcpsm3.vhd sub00/vhpl17 1622647706
EN interrupcion_pblaze NULL C:/Users/Manuel/Practica3/interrupcion_pblaze.vhd sub00/vhpl15 1622647704
AR juego behavioral C:/Users/Manuel/Practica3/juego.vhd sub00/vhpl10 1622647727
EN prog NULL C:/Users/Manuel/Practica3/ahorcado_imp.vhd sub00/vhpl11 1622647699
EN vga_texto NULL C:/Users/Manuel/Practica3/vga_texto.vhd sub00/vhpl03 1622647718
AR puertos_out behavioral C:/Users/Manuel/Practica3/puertos_out.vhd sub00/vhpl27 1622647715
AR prog_sim low_level_definition C:/Users/Manuel/Practica3/ahorcado_sim.vhd sub00/vhpl14 1622647702
AR pantalla_vga behavioral C:/Users/Manuel/Practica3/pantalla_vga.vhd sub00/vhpl06 1622647721
EN simulacion NULL C:/Users/Manuel/Practica3/sim.vhd sub00/vhpl20 1622647708
EN prog_fin NULL C:/Users/Manuel/Practica3/prog_fin.vhd sub00/vhpl22 1622647710
AR puertos_in behavioral C:/Users/Manuel/Practica3/puertos_in.vhd sub00/vhpl25 1622647713
AR kcpsm3 low_level_definition C:/Users/Manuel/Practica3/kcpsm3.vhd sub00/vhpl18 1622647707
AR vga_ctrl behavioral C:/Users/Manuel/Practica3/vga_ctrl.vhd sub00/vhpl02 1622647717
PH font_caracteres NULL C:/Users/Manuel/Practica3/font_caracteres.vhd sub00/vhpl00 1622647703
