AR num_aleatorio behavioral C:/Users/Manuel/Practica1Nuevo/num_aleatorio.vhd sub00/vhpl08 1622044052
EN num_aleatorio NULL C:/Users/Manuel/Practica1Nuevo/num_aleatorio.vhd sub00/vhpl07 1622044051
EN vga_ctrl NULL C:/Users/Manuel/Practica1Nuevo/vga_ctrl.vhd sub00/vhpl01 1622044045
AR vga_texto behavioral C:/Users/Manuel/Practica1Nuevo/vga_texto.vhd sub00/vhpl04 1622044048
EN pantalla_vga NULL C:/Users/Manuel/Practica1Nuevo/pantalla_vga.vhd sub00/vhpl05 1622044049
EN juego NULL C:/Users/Manuel/Practica1Nuevo/juego.vhd sub00/vhpl09 1622044053
AR juego behavioral C:/Users/Manuel/Practica1Nuevo/juego.vhd sub00/vhpl10 1622044054
EN vga_texto NULL C:/Users/Manuel/Practica1Nuevo/vga_texto.vhd sub00/vhpl03 1622044047
AR pantalla_vga behavioral C:/Users/Manuel/Practica1Nuevo/pantalla_vga.vhd sub00/vhpl06 1622044050
AR vga_ctrl behavioral C:/Users/Manuel/Practica1Nuevo/vga_ctrl.vhd sub00/vhpl02 1622044046
PH font_caracteres NULL C:/Users/Manuel/Practica1Nuevo/font_caracteres.vhd sub00/vhpl00 1622044044
