Microchip MPLAB XC8 Compiler V2.10 ()

Linker command line:

-W-3 --edf=C:\Program Files (x86)\Microchip\xc8\v2.10\pic\dat\en_msgs.txt \
  -cs -h+dist/default/production\LM75_i2c_Temp.X.production.sym \
  --cmf=dist/default/production\LM75_i2c_Temp.X.production.cmf -z -Q16F887 \
  -oC:\Users\computer\AppData\Local\Temp\s6q0.2 --defsym=__MPLAB_BUILD=1 \
  -Mdist/default/production/LM75_i2c_Temp.X.production.map -E1 -ver=XC8 \
  --acfsm=1493 -ASTACK=0110h-016Fh -pstack=STACK -ACODE=00h-07FFhx4 \
  -ASTRCODE=00h-01FFFh -ASTRING=00h-0FFhx32 -ACONST=00h-0FFhx32 \
  -AENTRY=00h-0FFhx32 -ACOMMON=070h-07Fh -ABANK0=020h-06Fh \
  -ABANK1=0A0h-0EFh -ABANK2=0110h-016Fh -ABANK3=0190h-01EFh \
  -ARAM=020h-06Fh,0A0h-0EFh,0110h-016Fh,0190h-01EFh \
  -AABS1=020h-07Fh,0A0h-0EFh,0110h-016Fh,0190h-01EFh -ASFR0=00h-01Fh \
  -ASFR1=080h-09Fh -ASFR2=0100h-010Fh -ASFR3=0180h-018Fh \
  -preset_vec=00h,intentry,init,end_init -ppowerup=CODE -pcinit=CODE \
  -pfunctab=ENTRY -ACONFIG=02007h-02008h -pconfig=CONFIG -DCONFIG=2 \
  -AIDLOC=02000h-02003h -pidloc=IDLOC -DIDLOC=2 -AEEDATA=00h-0FFh/02100h \
  -peeprom_data=EEDATA -DEEDATA=2 -DCODE=2 -DSTRCODE=2 -DSTRING=2 -DCONST=2 \
  -DENTRY=2 -k C:\Users\computer\AppData\Local\Temp\s6q0.o \
  dist/default/production\LM75_i2c_Temp.X.production.o 

Object code version is 3.11

Machine type is 16F887



                Name                               Link     Load   Length Selector   Space Scale
C:\Users\computer\AppData\Local\Temp\s6q0.o
                end_init                              0        0        3        0       0
                config                             2007     2007        2     400E       0
dist/default/production\LM75_i2c_Temp.X.production.o
                cinit                               7D3      7D3       2D      FA6       0
                text42                             1C33     1C33       25     3866       0
                text41                             1B4D     1B4D        F     369A       0
                text40                             1F86     1F86       7A     3F0C       0
                text39                             1B81     1B81       14     3702       0
                text38                             1B21     1B21        B     3642       0
                text37                             1AFA     1AFA        9     35F4       0
                text36                             1BA9     1BA9       1E     3752       0
                text35                             1B2C     1B2C        B     3658       0
                text34                             1CA4     1CA4       28     3948       0
                text33                             1E4E     1E4E       66     3C9C       0
                text32                             1C7D     1C7D       27     38FA       0
                text31                             1B03     1B03        A     3606       0
                text30                             1B0D     1B0D        A     361A       0
                text29                             1B37     1B37        B     366E       0
                text28                             1BC7     1BC7       24     378E       0
                text27                             1BEB     1BEB       24     37D6       0
                text26                             1B6E     1B6E       13     36DC       0
                text25                             1B95     1B95       14     372A       0
                text24                             1B17     1B17        A     362E       0
                text23                             1578     1578      288     2AF0       0
                text22                             11F6     11F6       BA     23EC       0
                text21                             10CA     10CA       8A     2194       0
                text20                             1EB4     1EB4       69     3D68       0
                text19                             1D4A     1D4A       4E     3A94       0
                text18                             1154     1154       A2     22A8       0
                text17                             1B42     1B42        B     3684       0
                text16                             1C0F     1C0F       24     381E       0
                text15                              806      806       7C     100C       0
                text14                                4        4       54        8       0
                text13                             1C58     1C58       25     38B0       0
                text12                              882      882       BE     1104       0
                text11                             12B0     12B0       BD     2560       0
                text10                             10A3     10A3       27     2146       0
                text9                               C9F      C9F      361     193E       0
                text8                              1D06     1D06       44     3A0C       0
                text7                              1CCC     1CCC       3A     3998       0
                text6                              136D     136D      20B     26DA       0
                text5                              1B5C     1B5C       12     36B8       0
                text4                              1F1D     1F1D       69     3E3A       0
                text3                              1D98     1D98       59     3B30       0
                text2                               940      940      35F     1280       0
                text1                                58       58      77B       B0       0
                maintext                           1DF1     1DF1       5D     3BE2       0
                cstackBANK0                          20       20       50       20       1
                cstackCOMMON                         70       70        E       70       1
                cstackBANK1                          A0       A0       38       A0       1
                dataBANK1                            E7       E7        4       A0       1
                bssBANK1                             D8       D8        F       A0       1
                strings                            1000     1000       A3     2000       0
                idataBANK1                          802      802        4     1004       0

TOTAL           Name                               Link     Load   Length     Space
        CLASS   STACK          

        CLASS   CODE           
                end_init                              0        0        3         0
                cinit                               7D3      7D3       2D         0
                text42                             1C33     1C33       25         0
                text41                             1B4D     1B4D        F         0
                text40                             1F86     1F86       7A         0
                text39                             1B81     1B81       14         0
                text38                             1B21     1B21        B         0
                text37                             1AFA     1AFA        9         0
                text36                             1BA9     1BA9       1E         0
                text35                             1B2C     1B2C        B         0
                text34                             1CA4     1CA4       28         0
                text33                             1E4E     1E4E       66         0
                text32                             1C7D     1C7D       27         0
                text31                             1B03     1B03        A         0
                text30                             1B0D     1B0D        A         0
                text29                             1B37     1B37        B         0
                text28                             1BC7     1BC7       24         0
                text27                             1BEB     1BEB       24         0
                text26                             1B6E     1B6E       13         0
                text25                             1B95     1B95       14         0
                text24                             1B17     1B17        A         0
                text23                             1578     1578      288         0
                text22                             11F6     11F6       BA         0
                text21                             10CA     10CA       8A         0
                text20                             1EB4     1EB4       69         0
                text19                             1D4A     1D4A       4E         0
                text18                             1154     1154       A2         0
                text17                             1B42     1B42        B         0
                text16                             1C0F     1C0F       24         0
                text15                              806      806       7C         0
                text14                                4        4       54         0
                text13                             1C58     1C58       25         0
                text12                              882      882       BE         0
                text11                             12B0     12B0       BD         0
                text10                             10A3     10A3       27         0
                text9                               C9F      C9F      361         0
                text8                              1D06     1D06       44         0
                text7                              1CCC     1CCC       3A         0
                text6                              136D     136D      20B         0
                text5                              1B5C     1B5C       12         0
                text4                              1F1D     1F1D       69         0
                text3                              1D98     1D98       59         0
                text2                               940      940      35F         0
                text1                                58       58      77B         0
                maintext                           1DF1     1DF1       5D         0
                idataBANK1                          802      802        4         0

        CLASS   STRCODE        

        CLASS   STRING         
                strings                            1000     1000       A3         0

        CLASS   CONST          

        CLASS   ENTRY          

        CLASS   COMMON         
                cstackCOMMON                         70       70        E         1

        CLASS   BANK0          
                cstackBANK0                          20       20       50         1

        CLASS   BANK1          
                cstackBANK1                          A0       A0       38         1
                dataBANK1                            E7       E7        4         1
                bssBANK1                             D8       D8        F         1

        CLASS   BANK2          

        CLASS   BANK3          

        CLASS   RAM            

        CLASS   ABS1           
                abs_s1                               7E       7E        2         1

        CLASS   SFR0           

        CLASS   SFR1           

        CLASS   SFR2           

        CLASS   SFR3           

        CLASS   CONFIG         
                config                             2007     2007        2         0

        CLASS   IDLOC          

        CLASS   EEDATA         



SEGMENTS        Name                           Load    Length   Top    Selector   Space  Class     Delta

                reset_vec                      000000  000003  000003         0       0  CODE        2
                text14                         000004  000054  000058         8       0  CODE        2
                cstackBANK0                    000020  000050  000070        20       1  BANK0       1
                cstackCOMMON                   000070  00000E  00007E        70       1  COMMON      1
                cstackBANK1                    0000A0  00004B  0000EB        A0       1  BANK1       1
                text1                          000058  00077B  0007D3        B0       0  CODE        2
                cinit                          0007D3  00002D  000800       FA6       0  CODE        2
                idataBANK1                     000802  000004  000806      1004       0  CODE        2
                text15                         000806  00007C  000882      100C       0  CODE        2
                text12                         000882  0000BE  000940      1104       0  CODE        2
                text2                          000940  00035F  000C9F      1280       0  CODE        2
                text9                          000C9F  000361  001000      193E       0  CODE        2
                strings                        001000  0000A3  0010A3      2000       0  STRING      2
                text10                         0010A3  000027  0010CA      2146       0  CODE        2
                text21                         0010CA  00008A  001154      2194       0  CODE        2
                text18                         001154  0000A2  0011F6      22A8       0  CODE        2
                text22                         0011F6  0000BA  0012B0      23EC       0  CODE        2
                text11                         0012B0  0000BD  00136D      2560       0  CODE        2
                text6                          00136D  00020B  001578      26DA       0  CODE        2
                text23                         001578  000288  001800      2AF0       0  CODE        2
                text37                         001AFA  000009  001B03      35F4       0  CODE        2
                text31                         001B03  00000A  001B0D      3606       0  CODE        2
                text30                         001B0D  00000A  001B17      361A       0  CODE        2
                text24                         001B17  00000A  001B21      362E       0  CODE        2
                text38                         001B21  00000B  001B2C      3642       0  CODE        2
                text35                         001B2C  00000B  001B37      3658       0  CODE        2
                text29                         001B37  00000B  001B42      366E       0  CODE        2
                text17                         001B42  00000B  001B4D      3684       0  CODE        2
                text41                         001B4D  00000F  001B5C      369A       0  CODE        2
                text5                          001B5C  000012  001B6E      36B8       0  CODE        2
                text26                         001B6E  000013  001B81      36DC       0  CODE        2
                text39                         001B81  000014  001B95      3702       0  CODE        2
                text25                         001B95  000014  001BA9      372A       0  CODE        2
                text36                         001BA9  00001E  001BC7      3752       0  CODE        2
                text28                         001BC7  000024  001BEB      378E       0  CODE        2
                text27                         001BEB  000024  001C0F      37D6       0  CODE        2
                text16                         001C0F  000024  001C33      381E       0  CODE        2
                text42                         001C33  000025  001C58      3866       0  CODE        2
                text13                         001C58  000025  001C7D      38B0       0  CODE        2
                text32                         001C7D  000027  001CA4      38FA       0  CODE        2
                text34                         001CA4  000028  001CCC      3948       0  CODE        2
                text7                          001CCC  00003A  001D06      3998       0  CODE        2
                text8                          001D06  000044  001D4A      3A0C       0  CODE        2
                text19                         001D4A  00004E  001D98      3A94       0  CODE        2
                text3                          001D98  000059  001DF1      3B30       0  CODE        2
                maintext                       001DF1  00005D  001E4E      3BE2       0  CODE        2
                text33                         001E4E  000066  001EB4      3C9C       0  CODE        2
                text20                         001EB4  000069  001F1D      3D68       0  CODE        2
                text4                          001F1D  000069  001F86      3E3A       0  CODE        2
                text40                         001F86  00007A  002000      3F0C       0  CODE        2
                config                         002007  000002  002009      400E       0  CONFIG      2


UNUSED ADDRESS RANGES

        Name                Unused          Largest block    Delta
        BANK1            00EB-00EF              5           1
        BANK2            0110-016F             60           1
        BANK3            0190-01EF             60           1
        CODE             0003-0003              1           2
                         0800-0801              2
                         1800-1AF9            2FA
        CONST            0003-0003              1           2
                         0800-0801              2
                         1800-1AF9            100
        EEDATA           2100-21FF            100           2
        ENTRY            0003-0003              1           2
                         0800-0801              2
                         1800-1AF9            100
        IDLOC            2000-2003              4           2
        RAM              00EB-00EF              5           1
                         0110-016F             60
                         0190-01EF             60
        SFR0             0000-001F             20           1
        SFR1             0080-009F             20           1
        SFR2             0100-010F             10           1
        SFR3             0180-018F             10           1
        STACK            0110-016F             60           1
        STRCODE          0003-0003              1           2
                         0800-0801              2
                         1800-1AF9            2FA
        STRING           0003-0003              1           2
                         0800-0801              2
                         1800-1AF9            100

                                  Symbol Table

?_LM75_read               cstackBANK0  006C
?__Umul8_16               cstackCOMMON 0070
?___awdiv                 cstackCOMMON 0077
?___awmod                 cstackCOMMON 0070
?___fladd                 cstackBANK0  0052
?___flmul                 cstackBANK0  0024
?___flneg                 cstackCOMMON 0070
?___flsub                 cstackBANK0  0066
?___fltol                 cstackBANK0  0051
?___lldiv                 cstackCOMMON 0070
?___llmod                 cstackCOMMON 0070
?___lwdiv                 cstackCOMMON 0076
?___lwmod                 cstackCOMMON 0070
?___wmul                  cstackCOMMON 0070
?___xxtofl                cstackCOMMON 0070
?__div_to_l_              cstackCOMMON 0070
?__tdiv_to_l_             cstackCOMMON 0070
?_fround                  cstackBANK0  003E
?_scale                   cstackBANK0  003E
?_sprintf                 cstackBANK1  00AC
?_toFloat                 cstackBANK0  0066
I2C_ack@acknowledge       cstackCOMMON 0070
I2C_init@speed            cstackBANK0  0020
I2C_read@acknowledge      cstackCOMMON 0071
I2C_write@data            cstackCOMMON 0070
LCD_command@command       cstackCOMMON 0077
LCD_data@data             cstackCOMMON 0077
LCD_getBits@data          cstackCOMMON 0074
LCD_getBits@i             cstackCOMMON 0075
LCD_getBits@pinBit        cstackCOMMON 0070
LCD_sendBits@pinBit       cstackCOMMON 0072
LCD_string@column         cstackBANK0  0029
LCD_string@row            cstackCOMMON 0079
LCD_string@text           cstackBANK0  002A
LCD_transmit@data         cstackBANK0  0028
LCD_transmit@pinBit       cstackBANK0  0020
LM75_read@LSB             cstackBANK1  00A9
LM75_read@MSB             cstackBANK1  00A7
LM75_read@regAddress      cstackBANK1  00AB
LM75_set@data             cstackCOMMON 0071
LM75_set@regAddress       cstackCOMMON 0073
_ACKDT                    (abs)        048D
_ACKEN                    (abs)        048C
_ACKSTAT                  (abs)        048E
_I2C_ack                  text26       1B6E
_I2C_init                 text32       1C7D
_I2C_read                 text25       1B95
_I2C_restart              text24       1B17
_I2C_start                text31       1B03
_I2C_stop                 text30       1B0D
_I2C_write                text29       1B37
_LCD_command              text38       1B21
_LCD_data                 text35       1B2C
_LCD_getBits              text42       1C33
_LCD_init                 text36       1BA9
_LCD_pinDirs              text37       1AFA
_LCD_sendBits             text40       1F86
_LCD_string               text34       1CA4
_LCD_transmit             text39       1B81
_LM75_init                text27       1BEB
_LM75_read                text20       1EB4
_LM75_set                 text28       1BC7
_PEN                      (abs)        048A
_RCEN                     (abs)        048B
_RD0                      (abs)        0040
_RD1                      (abs)        0041
_RD4                      (abs)        0044
_RD5                      (abs)        0045
_RD6                      (abs)        0046
_RD7                      (abs)        0047
_RSEN                     (abs)        0489
_R_W                      (abs)        04A2
_SEN                      (abs)        0488
_SSPADD                   (abs)        0093
_SSPBUF                   (abs)        0013
_SSPCON                   (abs)        0014
_SSPCON2                  (abs)        0091
_SSPIF                    (abs)        0063
_SSPSTAT                  (abs)        0094
_TRISC3                   (abs)        043B
_TRISC4                   (abs)        043C
_TRISD0                   (abs)        0440
_TRISD1                   (abs)        0441
_TRISD4                   (abs)        0444
_TRISD5                   (abs)        0445
_TRISD6                   (abs)        0446
_TRISD7                   (abs)        0447
__CFG_BOR4V$BOR40V        (abs)        0000
__CFG_BOREN$ON            (abs)        0000
__CFG_CP$OFF              (abs)        0000
__CFG_CPD$OFF             (abs)        0000
__CFG_FCMEN$ON            (abs)        0000
__CFG_FOSC$INTRC_NOCLKOUT (abs)        0000
__CFG_IESO$ON             (abs)        0000
__CFG_LVP$OFF             (abs)        0000
__CFG_MCLRE$OFF           (abs)        0000
__CFG_PWRTE$OFF           (abs)        0000
__CFG_WDTE$OFF            (abs)        0000
__CFG_WRT$OFF             (abs)        0000
__Habs1                   abs1         0000
__Hbank0                  bank0        0000
__Hbank1                  bank1        0000
__Hbank2                  bank2        0000
__Hbank3                  bank3        0000
__HbssBANK1               bssBANK1     0000
__Hcinit                  cinit        0800
__Hclrtext                clrtext      0000
__Hcode                   code         0000
__Hcommon                 common       0000
__Hconfig                 config       2009
__HcstackBANK0            cstackBANK0  0000
__HcstackBANK1            cstackBANK1  0000
__HcstackCOMMON           cstackCOMMON 0000
__HdataBANK1              dataBANK1    0000
__Heeprom_data            eeprom_data  0000
__Hend_init               end_init     0003
__Hfunctab                functab      0000
__HidataBANK1             idataBANK1   0000
__Hidloc                  idloc        0000
__Hinit                   init         0000
__Hintentry               intentry     0000
__Hmaintext               maintext     0000
__Hpowerup                powerup      0000
__Hram                    ram          0000
__Hreset_vec              reset_vec    0000
__Hsfr0                   sfr0         0000
__Hsfr1                   sfr1         0000
__Hsfr2                   sfr2         0000
__Hsfr3                   sfr3         0000
__Hspace_0                (abs)        2009
__Hspace_1                (abs)        00EB
__Hspace_2                (abs)        0000
__Hspace_3                (abs)        0000
__Hstack                  stack        0000
__Hstrings                strings      0000
__Htext                   text         0000
__Labs1                   abs1         0000
__Lbank0                  bank0        0000
__Lbank1                  bank1        0000
__Lbank2                  bank2        0000
__Lbank3                  bank3        0000
__LbssBANK1               bssBANK1     0000
__Lcinit                  cinit        07D3
__Lclrtext                clrtext      0000
__Lcode                   code         0000
__Lcommon                 common       0000
__Lconfig                 config       2007
__LcstackBANK0            cstackBANK0  0000
__LcstackBANK1            cstackBANK1  0000
__LcstackCOMMON           cstackCOMMON 0000
__LdataBANK1              dataBANK1    0000
__Leeprom_data            eeprom_data  0000
__Lend_init               end_init     0000
__Lfunctab                functab      0000
__LidataBANK1             idataBANK1   0000
__Lidloc                  idloc        0000
__Linit                   init         0000
__Lintentry               intentry     0000
__Lmaintext               maintext     0000
__Lpowerup                powerup      0000
__Lram                    ram          0000
__Lreset_vec              reset_vec    0000
__Lsfr0                   sfr0         0000
__Lsfr1                   sfr1         0000
__Lsfr2                   sfr2         0000
__Lsfr3                   sfr3         0000
__Lspace_0                (abs)        0000
__Lspace_1                (abs)        0000
__Lspace_2                (abs)        0000
__Lspace_3                (abs)        0000
__Lstack                  stack        0000
__Lstrings                strings      0000
__Ltext                   text         0000
__S0                      (abs)        2009
__S1                      (abs)        00EB
__S2                      (abs)        0000
__S3                      (abs)        0000
__Umul8_16                text10       10A3
__Umul8_16@multiplicand   cstackCOMMON 0070
__Umul8_16@multiplier     cstackCOMMON 0078
__Umul8_16@product        cstackCOMMON 0074
__Umul8_16@word_mpld      cstackCOMMON 0076
___awdiv                  text4        1F1D
___awdiv@counter          cstackBANK0  0020
___awdiv@dividend         cstackCOMMON 0079
___awdiv@divisor          cstackCOMMON 0077
___awdiv@quotient         cstackBANK0  0022
___awdiv@sign             cstackBANK0  0021
___awmod                  text3        1D98
___awmod@counter          cstackCOMMON 0075
___awmod@dividend         cstackCOMMON 0072
___awmod@divisor          cstackCOMMON 0070
___awmod@sign             cstackCOMMON 0076
___fladd                  text23       1578
___fladd@a                cstackBANK0  0056
___fladd@aexp             cstackBANK0  0063
___fladd@b                cstackBANK0  0052
___fladd@bexp             cstackBANK0  0064
___fladd@grs              cstackBANK0  0065
___fladd@signs            cstackBANK0  0062
___fleq                   text19       1D4A
___fleq@ff1               cstackCOMMON 0070
___fleq@ff2               cstackCOMMON 0074
___flge                   text18       1154
___flge@ff1               cstackCOMMON 0070
___flge@ff2               cstackCOMMON 0074
___flmul                  text9        0C9F
___flmul@a                cstackBANK0  0028
___flmul@aexp             cstackBANK0  0036
___flmul@b                cstackBANK0  0024
___flmul@bexp             cstackBANK0  0037
___flmul@grs              cstackBANK0  0032
___flmul@prod             cstackBANK0  0038
___flmul@sign             cstackBANK0  0031
___flmul@temp             cstackBANK0  003C
___flneg                  text17       1B42
___flneg@f1               cstackCOMMON 0070
___flsub                  text16       1C0F
___flsub@a                cstackBANK0  0066
___flsub@b                cstackBANK0  006A
___fltol                  text15       0806
___fltol@exp1             cstackBANK0  005B
___fltol@f1               cstackBANK0  0051
___fltol@sign1            cstackBANK0  005A
___int_sp                 stack        0000
___latbits                (abs)        0002
___lldiv                  text33       1E4E
___lldiv@counter          cstackCOMMON 007D
___lldiv@dividend         cstackCOMMON 0074
___lldiv@divisor          cstackCOMMON 0070
___lldiv@quotient         cstackCOMMON 0079
___llmod                  text14       0004
___llmod@counter          cstackCOMMON 0079
___llmod@dividend         cstackCOMMON 0074
___llmod@divisor          cstackCOMMON 0070
___lwdiv                  text8        1D06
___lwdiv@counter          cstackCOMMON 007D
___lwdiv@dividend         cstackCOMMON 0078
___lwdiv@divisor          cstackCOMMON 0076
___lwdiv@quotient         cstackCOMMON 007B
___lwmod                  text7        1CCC
___lwmod@counter          cstackCOMMON 0075
___lwmod@dividend         cstackCOMMON 0072
___lwmod@divisor          cstackCOMMON 0070
___sp                     stack        0000
___stackhi                (abs)        0000
___stacklo                (abs)        0000
___wmul                   text13       1C58
___wmul@multiplicand      cstackCOMMON 0072
___wmul@multiplier        cstackCOMMON 0070
___wmul@product           cstackCOMMON 0074
___xxtofl                 text22       11F6
___xxtofl@arg             cstackCOMMON 007A
___xxtofl@exp             cstackCOMMON 0079
___xxtofl@sign            cstackCOMMON 0078
___xxtofl@val             cstackCOMMON 0070
__div_to_l_               text12       0882
__div_to_l_@cntr          cstackBANK0  0024
__div_to_l_@exp1          cstackBANK0  0025
__div_to_l_@f1            cstackCOMMON 0070
__div_to_l_@f2            cstackCOMMON 0074
__div_to_l_@quot          cstackBANK0  0020
__end_of_I2C_ack          text26       1B81
__end_of_I2C_init         text32       1CA4
__end_of_I2C_read         text25       1BA9
__end_of_I2C_restart      text24       1B21
__end_of_I2C_start        text31       1B0D
__end_of_I2C_stop         text30       1B17
__end_of_I2C_write        text29       1B42
__end_of_LCD_command      text38       1B2C
__end_of_LCD_data         text35       1B37
__end_of_LCD_getBits      text42       1C58
__end_of_LCD_init         text36       1BC7
__end_of_LCD_pinDirs      text37       1B03
__end_of_LCD_sendBits     text40       2000
__end_of_LCD_string       text34       1CCC
__end_of_LCD_transmit     text39       1B95
__end_of_LM75_init        text27       1C0F
__end_of_LM75_read        text20       1F1D
__end_of_LM75_set         text28       1BEB
__end_of__Umul8_16        text10       10CA
__end_of___awdiv          text4        1F86
__end_of___awmod          text3        1DF1
__end_of___fladd          text23       1800
__end_of___fleq           text19       1D98
__end_of___flge           text18       11F6
__end_of___flmul          text9        1000
__end_of___flneg          text17       1B4D
__end_of___flsub          text16       1C33
__end_of___fltol          text15       0882
__end_of___lldiv          text33       1EB4
__end_of___llmod          text14       0058
__end_of___lwdiv          text8        1D4A
__end_of___lwmod          text7        1D06
__end_of___wmul           text13       1C7D
__end_of___xxtofl         text22       12B0
__end_of__div_to_l_       text12       0940
__end_of__initialization  cinit        07FC
__end_of__npowers_        strings      106E
__end_of__powers_         strings      103A
__end_of__stringtab       strings      1006
__end_of__tdiv_to_l_      text11       136D
__end_of_dpowers          strings      1096
__end_of_fround           text6        1578
__end_of_isdigit          text5        1B6E
__end_of_latch            text41       1B5C
__end_of_main             maintext     1E4E
__end_of_scale            text2        0C9F
__end_of_sprintf          text1        07D3
__end_of_toFloat          text21       1154
__initialization          cinit        07D3
__npowers_                strings      103A
__pbssBANK1               bssBANK1     00D8
__pcstackBANK0            cstackBANK0  0020
__pcstackBANK1            cstackBANK1  00A0
__pcstackCOMMON           cstackCOMMON 0070
__pdataBANK1              dataBANK1    00E7
__pidataBANK1             idataBANK1   0802
__pmaintext               maintext     1DF1
__powers_                 strings      1006
__pstrings                strings      1000
__ptext1                  text1        0058
__ptext10                 text10       10A3
__ptext11                 text11       12B0
__ptext12                 text12       0882
__ptext13                 text13       1C58
__ptext14                 text14       0004
__ptext15                 text15       0806
__ptext16                 text16       1C0F
__ptext17                 text17       1B42
__ptext18                 text18       1154
__ptext19                 text19       1D4A
__ptext2                  text2        0940
__ptext20                 text20       1EB4
__ptext21                 text21       10CA
__ptext22                 text22       11F6
__ptext23                 text23       1578
__ptext24                 text24       1B17
__ptext25                 text25       1B95
__ptext26                 text26       1B6E
__ptext27                 text27       1BEB
__ptext28                 text28       1BC7
__ptext29                 text29       1B37
__ptext3                  text3        1D98
__ptext30                 text30       1B0D
__ptext31                 text31       1B03
__ptext32                 text32       1C7D
__ptext33                 text33       1E4E
__ptext34                 text34       1CA4
__ptext35                 text35       1B2C
__ptext36                 text36       1BA9
__ptext37                 text37       1AFA
__ptext38                 text38       1B21
__ptext39                 text39       1B81
__ptext4                  text4        1F1D
__ptext40                 text40       1F86
__ptext41                 text41       1B4D
__ptext42                 text42       1C33
__ptext5                  text5        1B5C
__ptext6                  text6        136D
__ptext7                  text7        1CCC
__ptext8                  text8        1D06
__ptext9                  text9        0C9F
__size_of_I2C_ack         (abs)        0000
__size_of_I2C_init        (abs)        0000
__size_of_I2C_read        (abs)        0000
__size_of_I2C_restart     (abs)        0000
__size_of_I2C_start       (abs)        0000
__size_of_I2C_stop        (abs)        0000
__size_of_I2C_write       (abs)        0000
__size_of_LCD_command     (abs)        0000
__size_of_LCD_data        (abs)        0000
__size_of_LCD_getBits     (abs)        0000
__size_of_LCD_init        (abs)        0000
__size_of_LCD_pinDirs     (abs)        0000
__size_of_LCD_sendBits    (abs)        0000
__size_of_LCD_string      (abs)        0000
__size_of_LCD_transmit    (abs)        0000
__size_of_LM75_init       (abs)        0000
__size_of_LM75_read       (abs)        0000
__size_of_LM75_set        (abs)        0000
__size_of__Umul8_16       (abs)        0000
__size_of___awdiv         (abs)        0000
__size_of___awmod         (abs)        0000
__size_of___fladd         (abs)        0000
__size_of___fleq          (abs)        0000
__size_of___flge          (abs)        0000
__size_of___flmul         (abs)        0000
__size_of___flneg         (abs)        0000
__size_of___flsub         (abs)        0000
__size_of___fltol         (abs)        0000
__size_of___lldiv         (abs)        0000
__size_of___llmod         (abs)        0000
__size_of___lwdiv         (abs)        0000
__size_of___lwmod         (abs)        0000
__size_of___wmul          (abs)        0000
__size_of___xxtofl        (abs)        0000
__size_of__div_to_l_      (abs)        0000
__size_of__tdiv_to_l_     (abs)        0000
__size_of_fround          (abs)        0000
__size_of_isdigit         (abs)        0000
__size_of_latch           (abs)        0000
__size_of_main            (abs)        0000
__size_of_scale           (abs)        0000
__size_of_sprintf         (abs)        0000
__size_of_toFloat         (abs)        0000
__stringbase              strings      1005
__stringtab               strings      1000
__tdiv_to_l_              text11       12B0
__tdiv_to_l_@cntr         cstackBANK0  0024
__tdiv_to_l_@exp1         cstackBANK0  0025
__tdiv_to_l_@f1           cstackCOMMON 0070
__tdiv_to_l_@f2           cstackCOMMON 0074
__tdiv_to_l_@quot         cstackBANK0  0020
_dpowers                  strings      106E
_fround                   text6        136D
_fround$882               cstackBANK0  004D
_fround$883               cstackBANK0  0049
_isdigit                  text5        1B5C
_isdigit$678              cstackCOMMON 0070
_latch                    text41       1B4D
_main                     maintext     1DF1
_out                      bssBANK1     00D8
_rowAddr                  dataBANK1    00E7
_scale                    text2        0940
_scale$884                cstackBANK0  004C
_sprintf                  text1        0058
_sprintf$885              cstackBANK1  00B6
_toFloat                  text21       10CA
btemp                     (abs)        007E
end_of_initialization     cinit        07FC
fround@prec               cstackBANK0  0051
intlevel0                 functab      0000
intlevel1                 functab      0000
intlevel2                 functab      0000
intlevel3                 functab      0000
intlevel4                 functab      0000
intlevel5                 functab      0000
isdigit@c                 cstackCOMMON 0071
reset_vec                 reset_vec    0000
scale@scl                 cstackBANK0  0050
sprintf@ap                cstackBANK1  00BA
sprintf@c                 cstackBANK1  00D0
sprintf@eexp              cstackBANK1  00C7
sprintf@f                 cstackBANK1  00AC
sprintf@flag              cstackBANK1  00BF
sprintf@fval              cstackBANK1  00C9
sprintf@prec              cstackBANK1  00CE
sprintf@sp                cstackBANK1  00CD
sprintf@tmpval            cstackBANK1  00C3
sprintf@val               cstackBANK1  00BB
sprintf@width             cstackBANK1  00C1
start                     init         0000
start_initialization      cinit        07D3
toFloat@isfraction        cstackBANK1  00A0
toFloat@result            cstackBANK1  00A1
toFloat@tempr             cstackBANK0  0066
wtemp0                    (abs)        007E


FUNCTION INFORMATION:

 *************** function _main *****************
 Defined at:
		line 21 in file "main.c"
 Parameters:    Size  Location     Type
  argc            2   49[BANK1 ] int 
  argv            2   51[BANK1 ] PTR PTR unsigned char 
 Auto vars:     Size  Location     Type
		None
 Return value:  Size  Location     Type
                  2   49[BANK1 ] int 
 Registers used:
		wreg, fsr0l, fsr0h, status,2, status,0, btemp+1, pclath, cstack
 Tracked objects:
		On entry : 
		On exit  : 
		Unchanged: 
 Data sizes:     COMMON   BANK0   BANK1   BANK3   BANK2
      Params:         0       0       4       0       0
      Locals:         0       0       0       0       0
      Temps:          0       0       3       0       0
      Totals:         0       0       7       0       0
Total ram usage:        7 bytes
 Hardware stack levels required when called:    5
 This function calls:
		_LCD_command
		_LCD_init
		_LCD_string
		_LM75_init
		_LM75_read
		_sprintf
 This function is called by:
		Startup code after reset
 This function uses a non-reentrant model


 *************** function _sprintf *****************
 Defined at:
		line 505 in file "C:\Program Files (x86)\Microchip\xc8\v2.10\pic\sources\c90\common\doprnt.c"
 Parameters:    Size  Location     Type
  sp              1    wreg     PTR unsigned char 
		 -> out(15), 
  f               1   12[BANK1 ] PTR const unsigned char 
		 -> STR_1(13), 
 Auto vars:     Size  Location     Type
  sp              1   45[BANK1 ] PTR unsigned char 
		 -> out(15), 
  fval            4   41[BANK1 ] PTR unsigned char 
  tmpval          4   35[BANK1 ] struct .
  val             4   27[BANK1 ] unsigned long 
  prec            2   46[BANK1 ] int 
  eexp            2   39[BANK1 ] int 
  width           2   33[BANK1 ] int 
  flag            2   31[BANK1 ] unsigned short 
  cp              2    0        PTR const unsigned char 
  len             2    0        unsigned int 
  c               1   48[BANK1 ] unsigned char 
  ap              1   26[BANK1 ] PTR void [1]
		 -> ?_sprintf(2), 
  d               1    0        unsigned char 
 Return value:  Size  Location     Type
                  2   12[BANK1 ] int 
 Registers used:
		wreg, fsr0l, fsr0h, status,2, status,0, btemp+1, pclath, cstack
 Tracked objects:
		On entry : 
		On exit  : 
		Unchanged: 
 Data sizes:     COMMON   BANK0   BANK1   BANK3   BANK2
      Params:         0       0       5       0       0
      Locals:         0       0      27       0       0
      Temps:          0       0       5       0       0
      Totals:         0       0      37       0       0
Total ram usage:       37 bytes
 Hardware stack levels used:    1
 Hardware stack levels required when called:    3
 This function calls:
		___awdiv
		___fladd
		___fleq
		___flge
		___flmul
		___flneg
		___flsub
		___fltol
		___lldiv
		___llmod
		___wmul
		___xxtofl
		__div_to_l_
		__tdiv_to_l_
		_fround
		_isdigit
		_scale
 This function is called by:
		_main
 This function uses a non-reentrant model


 *************** function _scale *****************
 Defined at:
		line 433 in file "C:\Program Files (x86)\Microchip\xc8\v2.10\pic\sources\c90\common\doprnt.c"
 Parameters:    Size  Location     Type
  scl             1    wreg     char 
 Auto vars:     Size  Location     Type
  scl             1   48[BANK0 ] char 
 Return value:  Size  Location     Type
                  4   30[BANK0 ] char 
 Registers used:
		wreg, fsr0l, fsr0h, status,2, status,0, btemp+1, pclath, cstack
 Tracked objects:
		On entry : 
		On exit  : 
		Unchanged: 
 Data sizes:     COMMON   BANK0   BANK1   BANK3   BANK2
      Params:         0       4       0       0       0
      Locals:         0       5       0       0       0
      Temps:          0      10       0       0       0
      Totals:         0      19       0       0       0
Total ram usage:       19 bytes
 Hardware stack levels used:    1
 Hardware stack levels required when called:    2
 This function calls:
		___awdiv
		___awmod
		___flmul
 This function is called by:
		_sprintf
 This function uses a non-reentrant model


 *************** function ___awmod *****************
 Defined at:
		line 5 in file "C:\Program Files (x86)\Microchip\xc8\v2.10\pic\sources\c90\common\awmod.c"
 Parameters:    Size  Location     Type
  divisor         2    0[COMMON] int 
  dividend        2    2[COMMON] int 
 Auto vars:     Size  Location     Type
  sign            1    6[COMMON] unsigned char 
  counter         1    5[COMMON] unsigned char 
 Return value:  Size  Location     Type
                  2    0[COMMON] int 
 Registers used:
		wreg, status,2, status,0
 Tracked objects:
		On entry : 
		On exit  : 
		Unchanged: 
 Data sizes:     COMMON   BANK0   BANK1   BANK3   BANK2
      Params:         4       0       0       0       0
      Locals:         2       0       0       0       0
      Temps:          1       0       0       0       0
      Totals:         7       0       0       0       0
Total ram usage:        7 bytes
 Hardware stack levels used:    1
 This function calls:
		Nothing
 This function is called by:
		_scale
 This function uses a non-reentrant model


 *************** function ___awdiv *****************
 Defined at:
		line 5 in file "C:\Program Files (x86)\Microchip\xc8\v2.10\pic\sources\c90\common\awdiv.c"
 Parameters:    Size  Location     Type
  divisor         2    7[COMMON] int 
  dividend        2    9[COMMON] int 
 Auto vars:     Size  Location     Type
  quotient        2    2[BANK0 ] int 
  sign            1    1[BANK0 ] unsigned char 
  counter         1    0[BANK0 ] unsigned char 
 Return value:  Size  Location     Type
                  2    7[COMMON] int 
 Registers used:
		wreg, status,2, status,0
 Tracked objects:
		On entry : 
		On exit  : 
		Unchanged: 
 Data sizes:     COMMON   BANK0   BANK1   BANK3   BANK2
      Params:         4       0       0       0       0
      Locals:         0       4       0       0       0
      Temps:          1       0       0       0       0
      Totals:         5       4       0       0       0
Total ram usage:        9 bytes
 Hardware stack levels used:    1
 This function calls:
		Nothing
 This function is called by:
		_scale
		_sprintf
 This function uses a non-reentrant model


 *************** function _isdigit *****************
 Defined at:
		line 8 in file "C:\Program Files (x86)\Microchip\xc8\v2.10\pic\sources\c90\common\isdigit.c"
 Parameters:    Size  Location     Type
  c               1    wreg     unsigned char 
 Auto vars:     Size  Location     Type
  c               1    1[COMMON] unsigned char 
 Return value:  Size  Location     Type
		None               void
 Registers used:
		wreg, status,2, status,0
 Tracked objects:
		On entry : 
		On exit  : 
		Unchanged: 
 Data sizes:     COMMON   BANK0   BANK1   BANK3   BANK2
      Params:         0       0       0       0       0
      Locals:         2       0       0       0       0
      Temps:          0       0       0       0       0
      Totals:         2       0       0       0       0
Total ram usage:        2 bytes
 Hardware stack levels used:    1
 This function calls:
		Nothing
 This function is called by:
		_sprintf
 This function uses a non-reentrant model


 *************** function _fround *****************
 Defined at:
		line 417 in file "C:\Program Files (x86)\Microchip\xc8\v2.10\pic\sources\c90\common\doprnt.c"
 Parameters:    Size  Location     Type
  prec            1    wreg     unsigned char 
 Auto vars:     Size  Location     Type
  prec            1   49[BANK0 ] unsigned char 
 Return value:  Size  Location     Type
                  4   30[BANK0 ] unsigned char 
 Registers used:
		wreg, fsr0l, fsr0h, status,2, status,0, btemp+1, pclath, cstack
 Tracked objects:
		On entry : 
		On exit  : 
		Unchanged: 
 Data sizes:     COMMON   BANK0   BANK1   BANK3   BANK2
      Params:         0       4       0       0       0
      Locals:         0       9       0       0       0
      Temps:          0       7       0       0       0
      Totals:         0      20       0       0       0
Total ram usage:       20 bytes
 Hardware stack levels used:    1
 Hardware stack levels required when called:    2
 This function calls:
		___flmul
		___lwdiv
		___lwmod
 This function is called by:
		_sprintf
 This function uses a non-reentrant model


 *************** function ___lwmod *****************
 Defined at:
		line 5 in file "C:\Program Files (x86)\Microchip\xc8\v2.10\pic\sources\c90\common\lwmod.c"
 Parameters:    Size  Location     Type
  divisor         2    0[COMMON] unsigned int 
  dividend        2    2[COMMON] unsigned int 
 Auto vars:     Size  Location     Type
  counter         1    5[COMMON] unsigned char 
 Return value:  Size  Location     Type
                  2    0[COMMON] unsigned int 
 Registers used:
		wreg, status,2, status,0
 Tracked objects:
		On entry : 
		On exit  : 
		Unchanged: 
 Data sizes:     COMMON   BANK0   BANK1   BANK3   BANK2
      Params:         4       0       0       0       0
      Locals:         1       0       0       0       0
      Temps:          1       0       0       0       0
      Totals:         6       0       0       0       0
Total ram usage:        6 bytes
 Hardware stack levels used:    1
 This function calls:
		Nothing
 This function is called by:
		_fround
 This function uses a non-reentrant model


 *************** function ___lwdiv *****************
 Defined at:
		line 5 in file "C:\Program Files (x86)\Microchip\xc8\v2.10\pic\sources\c90\common\lwdiv.c"
 Parameters:    Size  Location     Type
  divisor         2    6[COMMON] unsigned int 
  dividend        2    8[COMMON] unsigned int 
 Auto vars:     Size  Location     Type
  quotient        2   11[COMMON] unsigned int 
  counter         1   13[COMMON] unsigned char 
 Return value:  Size  Location     Type
                  2    6[COMMON] unsigned int 
 Registers used:
		wreg, status,2, status,0
 Tracked objects:
		On entry : 
		On exit  : 
		Unchanged: 
 Data sizes:     COMMON   BANK0   BANK1   BANK3   BANK2
      Params:         4       0       0       0       0
      Locals:         3       0       0       0       0
      Temps:          1       0       0       0       0
      Totals:         8       0       0       0       0
Total ram usage:        8 bytes
 Hardware stack levels used:    1
 This function calls:
		Nothing
 This function is called by:
		_fround
 This function uses a non-reentrant model


 *************** function ___flmul *****************
 Defined at:
		line 8 in file "C:\Program Files (x86)\Microchip\xc8\v2.10\pic\sources\c90\common\sprcmul.c"
 Parameters:    Size  Location     Type
  b               4    4[BANK0 ] unsigned int 
  a               4    8[BANK0 ] unsigned int 
 Auto vars:     Size  Location     Type
  prod            4   24[BANK0 ] struct .
  grs             4   18[BANK0 ] unsigned long 
  temp            2   28[BANK0 ] struct .
  bexp            1   23[BANK0 ] unsigned char 
  aexp            1   22[BANK0 ] unsigned char 
  sign            1   17[BANK0 ] unsigned char 
 Return value:  Size  Location     Type
                  4    4[BANK0 ] unsigned char 
 Registers used:
		wreg, status,2, status,0, btemp+1, pclath, cstack
 Tracked objects:
		On entry : 
		On exit  : 
		Unchanged: 
 Data sizes:     COMMON   BANK0   BANK1   BANK3   BANK2
      Params:         0       8       0       0       0
      Locals:         0      13       0       0       0
      Temps:          0       5       0       0       0
      Totals:         0      26       0       0       0
Total ram usage:       26 bytes
 Hardware stack levels used:    1
 Hardware stack levels required when called:    1
 This function calls:
		__Umul8_16
 This function is called by:
		_fround
		_scale
		_sprintf
 This function uses a non-reentrant model


 *************** function __Umul8_16 *****************
 Defined at:
		line 4 in file "C:\Program Files (x86)\Microchip\xc8\v2.10\pic\sources\c90\common\Umul8_16.c"
 Parameters:    Size  Location     Type
  multiplier      1    wreg     unsigned char 
  multiplicand    1    0[COMMON] unsigned char 
 Auto vars:     Size  Location     Type
  multiplier      1    8[COMMON] unsigned char 
  word_mpld       2    6[COMMON] unsigned int 
  product         2    4[COMMON] unsigned int 
 Return value:  Size  Location     Type
                  2    0[COMMON] unsigned int 
 Registers used:
		wreg, status,2, status,0
 Tracked objects:
		On entry : 
		On exit  : 
		Unchanged: 
 Data sizes:     COMMON   BANK0   BANK1   BANK3   BANK2
      Params:         2       0       0       0       0
      Locals:         5       0       0       0       0
      Temps:          2       0       0       0       0
      Totals:         9       0       0       0       0
Total ram usage:        9 bytes
 Hardware stack levels used:    1
 This function calls:
		Nothing
 This function is called by:
		___flmul
 This function uses a non-reentrant model


 *************** function __tdiv_to_l_ *****************
 Defined at:
		line 60 in file "C:\Program Files (x86)\Microchip\xc8\v2.10\pic\sources\c90\common\ftdivl.c"
 Parameters:    Size  Location     Type
  f1              4    0[COMMON] float 
  f2              4    4[COMMON] float 
 Auto vars:     Size  Location     Type
  quot            4    0[BANK0 ] unsigned long 
  exp1            1    5[BANK0 ] unsigned char 
  cntr            1    4[BANK0 ] unsigned char 
 Return value:  Size  Location     Type
                  4    0[COMMON] unsigned long 
 Registers used:
		wreg, status,2, status,0
 Tracked objects:
		On entry : 
		On exit  : 
		Unchanged: 
 Data sizes:     COMMON   BANK0   BANK1   BANK3   BANK2
      Params:         8       0       0       0       0
      Locals:         0       6       0       0       0
      Temps:          4       0       0       0       0
      Totals:        12       6       0       0       0
Total ram usage:       18 bytes
 Hardware stack levels used:    1
 This function calls:
		Nothing
 This function is called by:
		_sprintf
 This function uses a non-reentrant model


 *************** function __div_to_l_ *****************
 Defined at:
		line 60 in file "C:\Program Files (x86)\Microchip\xc8\v2.10\pic\sources\c90\common\fldivl.c"
 Parameters:    Size  Location     Type
  f1              4    0[COMMON] unsigned long 
  f2              4    4[COMMON] unsigned long 
 Auto vars:     Size  Location     Type
  quot            4    0[BANK0 ] unsigned long 
  exp1            1    5[BANK0 ] unsigned char 
  cntr            1    4[BANK0 ] unsigned char 
 Return value:  Size  Location     Type
                  4    0[COMMON] unsigned long 
 Registers used:
		wreg, status,2, status,0
 Tracked objects:
		On entry : 
		On exit  : 
		Unchanged: 
 Data sizes:     COMMON   BANK0   BANK1   BANK3   BANK2
      Params:         8       0       0       0       0
      Locals:         0       6       0       0       0
      Temps:          1       0       0       0       0
      Totals:         9       6       0       0       0
Total ram usage:       15 bytes
 Hardware stack levels used:    1
 This function calls:
		Nothing
 This function is called by:
		_sprintf
 This function uses a non-reentrant model


 *************** function ___wmul *****************
 Defined at:
		line 15 in file "C:\Program Files (x86)\Microchip\xc8\v2.10\pic\sources\c90\common\Umul16.c"
 Parameters:    Size  Location     Type
  multiplier      2    0[COMMON] unsigned int 
  multiplicand    2    2[COMMON] unsigned int 
 Auto vars:     Size  Location     Type
  product         2    4[COMMON] unsigned int 
 Return value:  Size  Location     Type
                  2    0[COMMON] unsigned int 
 Registers used:
		wreg, status,2, status,0
 Tracked objects:
		On entry : 
		On exit  : 
		Unchanged: 
 Data sizes:     COMMON   BANK0   BANK1   BANK3   BANK2
      Params:         4       0       0       0       0
      Locals:         2       0       0       0       0
      Temps:          0       0       0       0       0
      Totals:         6       0       0       0       0
Total ram usage:        6 bytes
 Hardware stack levels used:    1
 This function calls:
		Nothing
 This function is called by:
		_sprintf
 This function uses a non-reentrant model


 *************** function ___llmod *****************
 Defined at:
		line 5 in file "C:\Program Files (x86)\Microchip\xc8\v2.10\pic\sources\c90\common\llmod.c"
 Parameters:    Size  Location     Type
  divisor         4    0[COMMON] unsigned long 
  dividend        4    4[COMMON] unsigned long 
 Auto vars:     Size  Location     Type
  counter         1    9[COMMON] unsigned char 
 Return value:  Size  Location     Type
                  4    0[COMMON] unsigned long 
 Registers used:
		wreg, status,2, status,0
 Tracked objects:
		On entry : 
		On exit  : 
		Unchanged: 
 Data sizes:     COMMON   BANK0   BANK1   BANK3   BANK2
      Params:         8       0       0       0       0
      Locals:         1       0       0       0       0
      Temps:          1       0       0       0       0
      Totals:        10       0       0       0       0
Total ram usage:       10 bytes
 Hardware stack levels used:    1
 This function calls:
		Nothing
 This function is called by:
		_sprintf
 This function uses a non-reentrant model


 *************** function ___fltol *****************
 Defined at:
		line 43 in file "C:\Program Files (x86)\Microchip\xc8\v2.10\pic\sources\c90\common\fltol.c"
 Parameters:    Size  Location     Type
  f1              4   49[BANK0 ] unsigned long 
 Auto vars:     Size  Location     Type
  exp1            1   59[BANK0 ] unsigned char 
  sign1           1   58[BANK0 ] unsigned char 
 Return value:  Size  Location     Type
                  4   49[BANK0 ] long 
 Registers used:
		wreg, status,2, status,0
 Tracked objects:
		On entry : 
		On exit  : 
		Unchanged: 
 Data sizes:     COMMON   BANK0   BANK1   BANK3   BANK2
      Params:         0       4       0       0       0
      Locals:         0       2       0       0       0
      Temps:          0       5       0       0       0
      Totals:         0      11       0       0       0
Total ram usage:       11 bytes
 Hardware stack levels used:    1
 This function calls:
		Nothing
 This function is called by:
		_sprintf
 This function uses a non-reentrant model


 *************** function ___flsub *****************
 Defined at:
		line 242 in file "C:\Program Files (x86)\Microchip\xc8\v2.10\pic\sources\c90\common\sprcadd.c"
 Parameters:    Size  Location     Type
  a               4   70[BANK0 ] long 
  b               4   74[BANK0 ] long 
 Auto vars:     Size  Location     Type
		None
 Return value:  Size  Location     Type
                  4   70[BANK0 ] long 
 Registers used:
		wreg, status,2, status,0, btemp+1, pclath, cstack
 Tracked objects:
		On entry : 
		On exit  : 
		Unchanged: 
 Data sizes:     COMMON   BANK0   BANK1   BANK3   BANK2
      Params:         0       8       0       0       0
      Locals:         0       0       0       0       0
      Temps:          0       0       0       0       0
      Totals:         0       8       0       0       0
Total ram usage:        8 bytes
 Hardware stack levels used:    1
 Hardware stack levels required when called:    1
 This function calls:
		___fladd
 This function is called by:
		_sprintf
 This function uses a non-reentrant model


 *************** function ___flneg *****************
 Defined at:
		line 15 in file "C:\Program Files (x86)\Microchip\xc8\v2.10\pic\sources\c90\common\flneg.c"
 Parameters:    Size  Location     Type
  f1              4    0[COMMON] long 
 Auto vars:     Size  Location     Type
		None
 Return value:  Size  Location     Type
                  4    0[COMMON] long 
 Registers used:
		wreg
 Tracked objects:
		On entry : 
		On exit  : 
		Unchanged: 
 Data sizes:     COMMON   BANK0   BANK1   BANK3   BANK2
      Params:         4       0       0       0       0
      Locals:         0       0       0       0       0
      Temps:          0       0       0       0       0
      Totals:         4       0       0       0       0
Total ram usage:        4 bytes
 Hardware stack levels used:    1
 This function calls:
		Nothing
 This function is called by:
		_sprintf
 This function uses a non-reentrant model


 *************** function ___flge *****************
 Defined at:
		line 4 in file "C:\Program Files (x86)\Microchip\xc8\v2.10\pic\sources\c90\common\flge.c"
 Parameters:    Size  Location     Type
  ff1             4    0[COMMON] long 
  ff2             4    4[COMMON] long 
 Auto vars:     Size  Location     Type
		None
 Return value:  Size  Location     Type
		None               void
 Registers used:
		wreg, status,2, status,0
 Tracked objects:
		On entry : 
		On exit  : 
		Unchanged: 
 Data sizes:     COMMON   BANK0   BANK1   BANK3   BANK2
      Params:         8       0       0       0       0
      Locals:         0       0       0       0       0
      Temps:          4       0       0       0       0
      Totals:        12       0       0       0       0
Total ram usage:       12 bytes
 Hardware stack levels used:    1
 This function calls:
		Nothing
 This function is called by:
		_sprintf
 This function uses a non-reentrant model


 *************** function ___fleq *****************
 Defined at:
		line 4 in file "C:\Program Files (x86)\Microchip\xc8\v2.10\pic\sources\c90\common\fleq.c"
 Parameters:    Size  Location     Type
  ff1             4    0[COMMON] long 
  ff2             4    4[COMMON] long 
 Auto vars:     Size  Location     Type
		None
 Return value:  Size  Location     Type
		None               void
 Registers used:
		wreg, status,2, status,0
 Tracked objects:
		On entry : 
		On exit  : 
		Unchanged: 
 Data sizes:     COMMON   BANK0   BANK1   BANK3   BANK2
      Params:         8       0       0       0       0
      Locals:         0       0       0       0       0
      Temps:          4       0       0       0       0
      Totals:        12       0       0       0       0
Total ram usage:       12 bytes
 Hardware stack levels used:    1
 This function calls:
		Nothing
 This function is called by:
		_sprintf
 This function uses a non-reentrant model


 *************** function _LM75_read *****************
 Defined at:
		line 16 in file "./LM75.h"
 Parameters:    Size  Location     Type
  regAddress      1    wreg     unsigned char 
 Auto vars:     Size  Location     Type
  regAddress      1   11[BANK1 ] unsigned char 
  LSB             2    9[BANK1 ] int 
  MSB             2    7[BANK1 ] int 
 Return value:  Size  Location     Type
                  4   76[BANK0 ] float 
 Registers used:
		wreg, status,2, status,0, btemp+1, pclath, cstack
 Tracked objects:
		On entry : 
		On exit  : 
		Unchanged: 
 Data sizes:     COMMON   BANK0   BANK1   BANK3   BANK2
      Params:         0       4       0       0       0
      Locals:         0       0       5       0       0
      Temps:          0       0       2       0       0
      Totals:         0       4       7       0       0
Total ram usage:       11 bytes
 Hardware stack levels used:    1
 Hardware stack levels required when called:    2
 This function calls:
		_I2C_read
		_I2C_restart
		_I2C_start
		_I2C_stop
		_I2C_write
		_toFloat
 This function is called by:
		_main
 This function uses a non-reentrant model


 *************** function _toFloat *****************
 Defined at:
		line 72 in file "./LM75.h"
 Parameters:    Size  Location     Type
  tempr           2   70[BANK0 ] int 
 Auto vars:     Size  Location     Type
  result          4    1[BANK1 ] float 
  isfraction      1    0[BANK1 ] unsigned char 
 Return value:  Size  Location     Type
                  4   70[BANK0 ] float 
 Registers used:
		wreg, status,2, status,0, btemp+1, pclath, cstack
 Tracked objects:
		On entry : 
		On exit  : 
		Unchanged: 
 Data sizes:     COMMON   BANK0   BANK1   BANK3   BANK2
      Params:         0       4       0       0       0
      Locals:         0       0       5       0       0
      Temps:          0       2       0       0       0
      Totals:         0       6       5       0       0
Total ram usage:       11 bytes
 Hardware stack levels used:    1
 Hardware stack levels required when called:    1
 This function calls:
		___fladd
		___xxtofl
 This function is called by:
		_LM75_read
 This function uses a non-reentrant model


 *************** function ___xxtofl *****************
 Defined at:
		line 10 in file "C:\Program Files (x86)\Microchip\xc8\v2.10\pic\sources\c90\common\xxtofl.c"
 Parameters:    Size  Location     Type
  sign            1    wreg     unsigned char 
  val             4    0[COMMON] long 
 Auto vars:     Size  Location     Type
  sign            1    8[COMMON] unsigned char 
  arg             4   10[COMMON] unsigned long 
  exp             1    9[COMMON] unsigned char 
 Return value:  Size  Location     Type
                  4    0[COMMON] unsigned char 
 Registers used:
		wreg, status,2, status,0
 Tracked objects:
		On entry : 
		On exit  : 
		Unchanged: 
 Data sizes:     COMMON   BANK0   BANK1   BANK3   BANK2
      Params:         4       0       0       0       0
      Locals:         6       0       0       0       0
      Temps:          4       0       0       0       0
      Totals:        14       0       0       0       0
Total ram usage:       14 bytes
 Hardware stack levels used:    1
 This function calls:
		Nothing
 This function is called by:
		_toFloat
		_sprintf
 This function uses a non-reentrant model


 *************** function ___fladd *****************
 Defined at:
		line 10 in file "C:\Program Files (x86)\Microchip\xc8\v2.10\pic\sources\c90\common\sprcadd.c"
 Parameters:    Size  Location     Type
  b               4   50[BANK0 ] unsigned char 
  a               4   54[BANK0 ] unsigned char 
 Auto vars:     Size  Location     Type
  grs             1   69[BANK0 ] unsigned char 
  bexp            1   68[BANK0 ] unsigned char 
  aexp            1   67[BANK0 ] unsigned char 
  signs           1   66[BANK0 ] unsigned char 
 Return value:  Size  Location     Type
                  4   50[BANK0 ] unsigned char 
 Registers used:
		wreg, status,2, status,0, btemp+1
 Tracked objects:
		On entry : 
		On exit  : 
		Unchanged: 
 Data sizes:     COMMON   BANK0   BANK1   BANK3   BANK2
      Params:         0       8       0       0       0
      Locals:         0       4       0       0       0
      Temps:          0       8       0       0       0
      Totals:         0      20       0       0       0
Total ram usage:       20 bytes
 Hardware stack levels used:    1
 This function calls:
		Nothing
 This function is called by:
		_toFloat
		_sprintf
		___flsub
 This function uses a non-reentrant model


 *************** function _I2C_restart *****************
 Defined at:
		line 26 in file "./I2C.h"
 Parameters:    Size  Location     Type
		None
 Auto vars:     Size  Location     Type
		None
 Return value:  Size  Location     Type
                  1    wreg      void 
 Registers used:
		None
 Tracked objects:
		On entry : 
		On exit  : 
		Unchanged: 
 Data sizes:     COMMON   BANK0   BANK1   BANK3   BANK2
      Params:         0       0       0       0       0
      Locals:         0       0       0       0       0
      Temps:          0       0       0       0       0
      Totals:         0       0       0       0       0
Total ram usage:        0 bytes
 Hardware stack levels used:    1
 This function calls:
		Nothing
 This function is called by:
		_LM75_read
		_LM75_readConfig
 This function uses a non-reentrant model


 *************** function _I2C_read *****************
 Defined at:
		line 57 in file "./I2C.h"
 Parameters:    Size  Location     Type
  acknowledge     1    wreg     unsigned char 
 Auto vars:     Size  Location     Type
  acknowledge     1    1[COMMON] unsigned char 
 Return value:  Size  Location     Type
                  1    wreg      unsigned char 
 Registers used:
		wreg, status,2, status,0, pclath, cstack
 Tracked objects:
		On entry : 
		On exit  : 
		Unchanged: 
 Data sizes:     COMMON   BANK0   BANK1   BANK3   BANK2
      Params:         0       0       0       0       0
      Locals:         1       0       0       0       0
      Temps:          0       0       0       0       0
      Totals:         1       0       0       0       0
Total ram usage:        1 bytes
 Hardware stack levels used:    1
 Hardware stack levels required when called:    1
 This function calls:
		_I2C_ack
 This function is called by:
		_LM75_read
		_LM75_readConfig
 This function uses a non-reentrant model


 *************** function _I2C_ack *****************
 Defined at:
		line 40 in file "./I2C.h"
 Parameters:    Size  Location     Type
  acknowledge     1    wreg     unsigned char 
 Auto vars:     Size  Location     Type
  acknowledge     1    0[COMMON] unsigned char 
 Return value:  Size  Location     Type
                  1    wreg      void 
 Registers used:
		wreg
 Tracked objects:
		On entry : 
		On exit  : 
		Unchanged: 
 Data sizes:     COMMON   BANK0   BANK1   BANK3   BANK2
      Params:         0       0       0       0       0
      Locals:         1       0       0       0       0
      Temps:          0       0       0       0       0
      Totals:         1       0       0       0       0
Total ram usage:        1 bytes
 Hardware stack levels used:    1
 This function calls:
		Nothing
 This function is called by:
		_I2C_read
 This function uses a non-reentrant model


 *************** function _LM75_init *****************
 Defined at:
		line 7 in file "./LM75.h"
 Parameters:    Size  Location     Type
		None
 Auto vars:     Size  Location     Type
		None
 Return value:  Size  Location     Type
                  1    wreg      void 
 Registers used:
		wreg, status,2, status,0, pclath, cstack
 Tracked objects:
		On entry : 
		On exit  : 
		Unchanged: 
 Data sizes:     COMMON   BANK0   BANK1   BANK3   BANK2
      Params:         0       0       0       0       0
      Locals:         0       0       0       0       0
      Temps:          0       0       0       0       0
      Totals:         0       0       0       0       0
Total ram usage:        0 bytes
 Hardware stack levels used:    1
 Hardware stack levels required when called:    2
 This function calls:
		_I2C_init
		_LM75_set
 This function is called by:
		_main
 This function uses a non-reentrant model


 *************** function _LM75_set *****************
 Defined at:
		line 60 in file "./LM75.h"
 Parameters:    Size  Location     Type
  regAddress      1    wreg     unsigned char 
  data            2    1[COMMON] int 
 Auto vars:     Size  Location     Type
  regAddress      1    3[COMMON] unsigned char 
 Return value:  Size  Location     Type
                  1    wreg      void 
 Registers used:
		wreg, status,2, status,0, pclath, cstack
 Tracked objects:
		On entry : 
		On exit  : 
		Unchanged: 
 Data sizes:     COMMON   BANK0   BANK1   BANK3   BANK2
      Params:         2       0       0       0       0
      Locals:         1       0       0       0       0
      Temps:          0       0       0       0       0
      Totals:         3       0       0       0       0
Total ram usage:        3 bytes
 Hardware stack levels used:    1
 Hardware stack levels required when called:    1
 This function calls:
		_I2C_start
		_I2C_stop
		_I2C_write
 This function is called by:
		_LM75_init
 This function uses a non-reentrant model


 *************** function _I2C_write *****************
 Defined at:
		line 48 in file "./I2C.h"
 Parameters:    Size  Location     Type
  data            1    wreg     unsigned char 
 Auto vars:     Size  Location     Type
  data            1    0[COMMON] unsigned char 
 Return value:  Size  Location     Type
                  1    wreg      unsigned char 
 Registers used:
		wreg
 Tracked objects:
		On entry : 
		On exit  : 
		Unchanged: 
 Data sizes:     COMMON   BANK0   BANK1   BANK3   BANK2
      Params:         0       0       0       0       0
      Locals:         1       0       0       0       0
      Temps:          0       0       0       0       0
      Totals:         1       0       0       0       0
Total ram usage:        1 bytes
 Hardware stack levels used:    1
 This function calls:
		Nothing
 This function is called by:
		_LM75_read
		_LM75_set
		_LM75_setConfig
		_LM75_readConfig
 This function uses a non-reentrant model


 *************** function _I2C_stop *****************
 Defined at:
		line 33 in file "./I2C.h"
 Parameters:    Size  Location     Type
		None
 Auto vars:     Size  Location     Type
		None
 Return value:  Size  Location     Type
                  1    wreg      void 
 Registers used:
		None
 Tracked objects:
		On entry : 
		On exit  : 
		Unchanged: 
 Data sizes:     COMMON   BANK0   BANK1   BANK3   BANK2
      Params:         0       0       0       0       0
      Locals:         0       0       0       0       0
      Temps:          0       0       0       0       0
      Totals:         0       0       0       0       0
Total ram usage:        0 bytes
 Hardware stack levels used:    1
 This function calls:
		Nothing
 This function is called by:
		_LM75_read
		_LM75_set
		_LM75_setConfig
		_LM75_readConfig
 This function uses a non-reentrant model


 *************** function _I2C_start *****************
 Defined at:
		line 19 in file "./I2C.h"
 Parameters:    Size  Location     Type
		None
 Auto vars:     Size  Location     Type
		None
 Return value:  Size  Location     Type
                  1    wreg      void 
 Registers used:
		None
 Tracked objects:
		On entry : 
		On exit  : 
		Unchanged: 
 Data sizes:     COMMON   BANK0   BANK1   BANK3   BANK2
      Params:         0       0       0       0       0
      Locals:         0       0       0       0       0
      Temps:          0       0       0       0       0
      Totals:         0       0       0       0       0
Total ram usage:        0 bytes
 Hardware stack levels used:    1
 This function calls:
		Nothing
 This function is called by:
		_LM75_read
		_LM75_set
		_LM75_setConfig
		_LM75_readConfig
 This function uses a non-reentrant model


 *************** function _I2C_init *****************
 Defined at:
		line 9 in file "./I2C.h"
 Parameters:    Size  Location     Type
  speed           4    0[BANK0 ] unsigned long 
 Auto vars:     Size  Location     Type
		None
 Return value:  Size  Location     Type
                  1    wreg      void 
 Registers used:
		wreg, status,2, status,0, pclath, cstack
 Tracked objects:
		On entry : 
		On exit  : 
		Unchanged: 
 Data sizes:     COMMON   BANK0   BANK1   BANK3   BANK2
      Params:         0       4       0       0       0
      Locals:         0       0       0       0       0
      Temps:          0       0       0       0       0
      Totals:         0       4       0       0       0
Total ram usage:        4 bytes
 Hardware stack levels used:    1
 Hardware stack levels required when called:    1
 This function calls:
		___lldiv
 This function is called by:
		_LM75_init
 This function uses a non-reentrant model


 *************** function ___lldiv *****************
 Defined at:
		line 5 in file "C:\Program Files (x86)\Microchip\xc8\v2.10\pic\sources\c90\common\__lldiv.c"
 Parameters:    Size  Location     Type
  divisor         4    0[COMMON] unsigned long 
  dividend        4    4[COMMON] unsigned long 
 Auto vars:     Size  Location     Type
  quotient        4    9[COMMON] unsigned long 
  counter         1   13[COMMON] unsigned char 
 Return value:  Size  Location     Type
                  4    0[COMMON] unsigned long 
 Registers used:
		wreg, status,2, status,0
 Tracked objects:
		On entry : 
		On exit  : 
		Unchanged: 
 Data sizes:     COMMON   BANK0   BANK1   BANK3   BANK2
      Params:         8       0       0       0       0
      Locals:         5       0       0       0       0
      Temps:          1       0       0       0       0
      Totals:        14       0       0       0       0
Total ram usage:       14 bytes
 Hardware stack levels used:    1
 This function calls:
		Nothing
 This function is called by:
		_I2C_init
		_sprintf
 This function uses a non-reentrant model


 *************** function _LCD_string *****************
 Defined at:
		line 29 in file "./Lcd4.h"
 Parameters:    Size  Location     Type
  row             1    wreg     unsigned char 
  column          1    9[BANK0 ] unsigned char 
  text            1   10[BANK0 ] PTR unsigned char 
		 -> out(15), 
 Auto vars:     Size  Location     Type
  row             1    9[COMMON] unsigned char 
 Return value:  Size  Location     Type
                  1    wreg      void 
 Registers used:
		wreg, fsr0l, fsr0h, status,2, status,0, pclath, cstack
 Tracked objects:
		On entry : 
		On exit  : 
		Unchanged: 
 Data sizes:     COMMON   BANK0   BANK1   BANK3   BANK2
      Params:         0       2       0       0       0
      Locals:         1       0       0       0       0
      Temps:          1       0       0       0       0
      Totals:         2       2       0       0       0
Total ram usage:        4 bytes
 Hardware stack levels used:    1
 Hardware stack levels required when called:    4
 This function calls:
		_LCD_command
		_LCD_data
 This function is called by:
		_main
 This function uses a non-reentrant model


 *************** function _LCD_data *****************
 Defined at:
		line 23 in file "./Lcd4.h"
 Parameters:    Size  Location     Type
  data            1    wreg     unsigned char 
 Auto vars:     Size  Location     Type
  data            1    7[COMMON] unsigned char 
 Return value:  Size  Location     Type
                  1    wreg      void 
 Registers used:
		wreg, fsr0l, fsr0h, status,2, status,0, pclath, cstack
 Tracked objects:
		On entry : 
		On exit  : 
		Unchanged: 
 Data sizes:     COMMON   BANK0   BANK1   BANK3   BANK2
      Params:         0       0       0       0       0
      Locals:         1       0       0       0       0
      Temps:          0       0       0       0       0
      Totals:         1       0       0       0       0
Total ram usage:        1 bytes
 Hardware stack levels used:    1
 Hardware stack levels required when called:    3
 This function calls:
		_LCD_transmit
 This function is called by:
		_LCD_string
 This function uses a non-reentrant model


 *************** function _LCD_init *****************
 Defined at:
		line 7 in file "./Lcd4.h"
 Parameters:    Size  Location     Type
		None
 Auto vars:     Size  Location     Type
		None
 Return value:  Size  Location     Type
                  1    wreg      void 
 Registers used:
		wreg, fsr0l, fsr0h, status,2, status,0, pclath, cstack
 Tracked objects:
		On entry : 
		On exit  : 
		Unchanged: 
 Data sizes:     COMMON   BANK0   BANK1   BANK3   BANK2
      Params:         0       0       0       0       0
      Locals:         0       0       0       0       0
      Temps:          0       0       0       0       0
      Totals:         0       0       0       0       0
Total ram usage:        0 bytes
 Hardware stack levels used:    1
 Hardware stack levels required when called:    4
 This function calls:
		_LCD_command
		_LCD_pinDirs
 This function is called by:
		_main
 This function uses a non-reentrant model


 *************** function _LCD_pinDirs *****************
 Defined at:
		line 78 in file "./Lcd4.h"
 Parameters:    Size  Location     Type
		None
 Auto vars:     Size  Location     Type
		None
 Return value:  Size  Location     Type
                  1    wreg      void 
 Registers used:
		None
 Tracked objects:
		On entry : 
		On exit  : 
		Unchanged: 
 Data sizes:     COMMON   BANK0   BANK1   BANK3   BANK2
      Params:         0       0       0       0       0
      Locals:         0       0       0       0       0
      Temps:          0       0       0       0       0
      Totals:         0       0       0       0       0
Total ram usage:        0 bytes
 Hardware stack levels used:    1
 This function calls:
		Nothing
 This function is called by:
		_LCD_init
 This function uses a non-reentrant model


 *************** function _LCD_command *****************
 Defined at:
		line 17 in file "./Lcd4.h"
 Parameters:    Size  Location     Type
  command         1    wreg     unsigned char 
 Auto vars:     Size  Location     Type
  command         1    7[COMMON] unsigned char 
 Return value:  Size  Location     Type
                  1    wreg      void 
 Registers used:
		wreg, fsr0l, fsr0h, status,2, status,0, pclath, cstack
 Tracked objects:
		On entry : 
		On exit  : 
		Unchanged: 
 Data sizes:     COMMON   BANK0   BANK1   BANK3   BANK2
      Params:         0       0       0       0       0
      Locals:         1       0       0       0       0
      Temps:          0       0       0       0       0
      Totals:         1       0       0       0       0
Total ram usage:        1 bytes
 Hardware stack levels used:    1
 Hardware stack levels required when called:    3
 This function calls:
		_LCD_transmit
 This function is called by:
		_LCD_init
		_LCD_string
		_main
 This function uses a non-reentrant model


 *************** function _LCD_transmit *****************
 Defined at:
		line 38 in file "./Lcd4.h"
 Parameters:    Size  Location     Type
  data            1    wreg     unsigned char 
 Auto vars:     Size  Location     Type
  data            1    8[BANK0 ] unsigned char 
  pinBit          8    0[BANK0 ] unsigned char [8]
 Return value:  Size  Location     Type
                  1    wreg      void 
 Registers used:
		wreg, fsr0l, fsr0h, status,2, status,0, pclath, cstack
 Tracked objects:
		On entry : 
		On exit  : 
		Unchanged: 
 Data sizes:     COMMON   BANK0   BANK1   BANK3   BANK2
      Params:         0       0       0       0       0
      Locals:         0       9       0       0       0
      Temps:          1       0       0       0       0
      Totals:         1       9       0       0       0
Total ram usage:       10 bytes
 Hardware stack levels used:    1
 Hardware stack levels required when called:    2
 This function calls:
		_LCD_getBits
		_LCD_sendBits
 This function is called by:
		_LCD_command
		_LCD_data
 This function uses a non-reentrant model


 *************** function _LCD_sendBits *****************
 Defined at:
		line 54 in file "./Lcd4.h"
 Parameters:    Size  Location     Type
  pinBit          1    wreg     PTR unsigned char 
		 -> LCD_transmit@pinBit(8), 
 Auto vars:     Size  Location     Type
  pinBit          1    2[COMMON] PTR unsigned char 
		 -> LCD_transmit@pinBit(8), 
 Return value:  Size  Location     Type
                  1    wreg      void 
 Registers used:
		wreg, fsr0l, fsr0h, status,2, status,0, pclath, cstack
 Tracked objects:
		On entry : 
		On exit  : 
		Unchanged: 
 Data sizes:     COMMON   BANK0   BANK1   BANK3   BANK2
      Params:         0       0       0       0       0
      Locals:         1       0       0       0       0
      Temps:          0       0       0       0       0
      Totals:         1       0       0       0       0
Total ram usage:        1 bytes
 Hardware stack levels used:    1
 Hardware stack levels required when called:    1
 This function calls:
		_latch
 This function is called by:
		_LCD_transmit
 This function uses a non-reentrant model


 *************** function _latch *****************
 Defined at:
		line 71 in file "./Lcd4.h"
 Parameters:    Size  Location     Type
		None
 Auto vars:     Size  Location     Type
		None
 Return value:  Size  Location     Type
                  1    wreg      void 
 Registers used:
		wreg
 Tracked objects:
		On entry : 
		On exit  : 
		Unchanged: 
 Data sizes:     COMMON   BANK0   BANK1   BANK3   BANK2
      Params:         0       0       0       0       0
      Locals:         0       0       0       0       0
      Temps:          2       0       0       0       0
      Totals:         2       0       0       0       0
Total ram usage:        2 bytes
 Hardware stack levels used:    1
 This function calls:
		Nothing
 This function is called by:
		_LCD_sendBits
 This function uses a non-reentrant model


 *************** function _LCD_getBits *****************
 Defined at:
		line 46 in file "./Lcd4.h"
 Parameters:    Size  Location     Type
  data            1    wreg     unsigned char 
  pinBit          1    0[COMMON] PTR unsigned char 
		 -> LCD_transmit@pinBit(8), 
 Auto vars:     Size  Location     Type
  data            1    4[COMMON] unsigned char 
  i               1    5[COMMON] unsigned char 
 Return value:  Size  Location     Type
                  1    wreg      void 
 Registers used:
		wreg, fsr0l, fsr0h, status,2, status,0
 Tracked objects:
		On entry : 
		On exit  : 
		Unchanged: 
 Data sizes:     COMMON   BANK0   BANK1   BANK3   BANK2
      Params:         1       0       0       0       0
      Locals:         2       0       0       0       0
      Temps:          3       0       0       0       0
      Totals:         6       0       0       0       0
Total ram usage:        6 bytes
 Hardware stack levels used:    1
 This function calls:
		Nothing
 This function is called by:
		_LCD_transmit
 This function uses a non-reentrant model



MODULE INFORMATION

Module		Function		Class		Link	Load	Size
C:\Program Files (x86)\Microchip\xc8\v2.10\pic\sources\c90\common\fleq.c
		___fleq        		CODE           	1D4A	0000	79

C:\Program Files (x86)\Microchip\xc8\v2.10\pic\sources\c90\common\fleq.c estimated size: 79

./Lcd4.h
		_LCD_transmit  		CODE           	1B81	0000	21
		_LCD_pinDirs   		CODE           	1AFA	0000	10
		_LCD_string    		CODE           	1CA4	0000	41
		_LCD_init      		CODE           	1BA9	0000	31
		_LCD_command   		CODE           	1B21	0000	12
		_LCD_sendBits  		CODE           	1F86	0000	123
		_latch         		CODE           	1B4D	0000	16
		_LCD_getBits   		CODE           	1C33	0000	38
		_LCD_data      		CODE           	1B2C	0000	12

./Lcd4.h estimated size: 304

C:\Program Files (x86)\Microchip\xc8\v2.10\pic\sources\c90\common\lwdiv.c
		___lwdiv       		CODE           	1D06	0000	69

C:\Program Files (x86)\Microchip\xc8\v2.10\pic\sources\c90\common\lwdiv.c estimated size: 69

C:\Program Files (x86)\Microchip\xc8\v2.10\pic\sources\c90\common\awdiv.c
		___awdiv       		CODE           	1F1D	0000	106

C:\Program Files (x86)\Microchip\xc8\v2.10\pic\sources\c90\common\awdiv.c estimated size: 106

C:\Program Files (x86)\Microchip\xc8\v2.10\pic\sources\c90\common\fltol.c
		___fltol       		CODE           	0806	0000	125

C:\Program Files (x86)\Microchip\xc8\v2.10\pic\sources\c90\common\fltol.c estimated size: 125

C:\Program Files (x86)\Microchip\xc8\v2.10\pic\sources\c90\common\ftdivl.c
		__tdiv_to_l_   		CODE           	12B0	0000	190

C:\Program Files (x86)\Microchip\xc8\v2.10\pic\sources\c90\common\ftdivl.c estimated size: 190

C:\Program Files (x86)\Microchip\xc8\v2.10\pic\sources\c90\common\Umul16.c
		___wmul        		CODE           	1C58	0000	38

C:\Program Files (x86)\Microchip\xc8\v2.10\pic\sources\c90\common\Umul16.c estimated size: 38

./LM75.h
		_toFloat       		CODE           	10CA	0000	139
		_LM75_read     		CODE           	1EB4	0000	106
		_LM75_init     		CODE           	1BEB	0000	37
		_LM75_set      		CODE           	1BC7	0000	37

./LM75.h estimated size: 319

C:\Program Files (x86)\Microchip\xc8\v2.10\pic\sources\c90\common\fldivl.c
		__div_to_l_    		CODE           	0882	0000	191

C:\Program Files (x86)\Microchip\xc8\v2.10\pic\sources\c90\common\fldivl.c estimated size: 191

C:\Program Files (x86)\Microchip\xc8\v2.10\pic\sources\c90\common\sprcmul.c
		___flmul       		CODE           	0C9F	0000	866

C:\Program Files (x86)\Microchip\xc8\v2.10\pic\sources\c90\common\sprcmul.c estimated size: 866

C:\Program Files (x86)\Microchip\xc8\v2.10\pic\sources\c90\common\Umul8_16.c
		__Umul8_16     		CODE           	10A3	0000	40

C:\Program Files (x86)\Microchip\xc8\v2.10\pic\sources\c90\common\Umul8_16.c estimated size: 40

C:\Program Files (x86)\Microchip\xc8\v2.10\pic\sources\c90\common\__lldiv.c
		___lldiv       		CODE           	1E4E	0000	103

C:\Program Files (x86)\Microchip\xc8\v2.10\pic\sources\c90\common\__lldiv.c estimated size: 103

C:\Program Files (x86)\Microchip\xc8\v2.10\pic\sources\c90\common\flneg.c
		___flneg       		CODE           	1B42	0000	12

C:\Program Files (x86)\Microchip\xc8\v2.10\pic\sources\c90\common\flneg.c estimated size: 12

C:\Program Files (x86)\Microchip\xc8\v2.10\pic\sources\c90\common\flge.c
		___flge        		CODE           	1154	0000	163

C:\Program Files (x86)\Microchip\xc8\v2.10\pic\sources\c90\common\flge.c estimated size: 163

C:\Program Files (x86)\Microchip\xc8\v2.10\pic\sources\c90\common\xxtofl.c
		___xxtofl      		CODE           	11F6	0000	187

C:\Program Files (x86)\Microchip\xc8\v2.10\pic\sources\c90\common\xxtofl.c estimated size: 187

shared
		__stringtab    		STRING         	1000	0000	7
		__powers_      		STRING         	1006	0000	53
		_dpowers       		STRING         	106E	0000	41
		__npowers_     		STRING         	103A	0000	53
		__initialization		CODE           	07D3	0000	42

shared estimated size: 196

C:\Program Files (x86)\Microchip\xc8\v2.10\pic\sources\c90\common\lwmod.c
		___lwmod       		CODE           	1CCC	0000	59

C:\Program Files (x86)\Microchip\xc8\v2.10\pic\sources\c90\common\lwmod.c estimated size: 59

C:\Program Files (x86)\Microchip\xc8\v2.10\pic\sources\c90\common\awmod.c
		___awmod       		CODE           	1D98	0000	90

C:\Program Files (x86)\Microchip\xc8\v2.10\pic\sources\c90\common\awmod.c estimated size: 90

C:\Program Files (x86)\Microchip\xc8\v2.10\pic\sources\c90\common\isdigit.c
		_isdigit       		CODE           	1B5C	0000	19

C:\Program Files (x86)\Microchip\xc8\v2.10\pic\sources\c90\common\isdigit.c estimated size: 19

C:\Program Files (x86)\Microchip\xc8\v2.10\pic\sources\c90\common\llmod.c
		___llmod       		CODE           	0004	0000	85

C:\Program Files (x86)\Microchip\xc8\v2.10\pic\sources\c90\common\llmod.c estimated size: 85

C:\Program Files (x86)\Microchip\xc8\v2.10\pic\sources\c90\common\sprcadd.c
		___flsub       		CODE           	1C0F	0000	37
		___fladd       		CODE           	1578	0000	649

C:\Program Files (x86)\Microchip\xc8\v2.10\pic\sources\c90\common\sprcadd.c estimated size: 686

./I2C.h
		_I2C_stop      		CODE           	1B0D	0000	11
		_I2C_read      		CODE           	1B95	0000	21
		_I2C_init      		CODE           	1C7D	0000	40
		_I2C_ack       		CODE           	1B6E	0000	20
		_I2C_start     		CODE           	1B03	0000	11
		_I2C_restart   		CODE           	1B17	0000	11
		_I2C_write     		CODE           	1B37	0000	12

./I2C.h estimated size: 126

C:\Program Files (x86)\Microchip\xc8\v2.10\pic\sources\c90\common\doprnt.c
		_scale         		CODE           	0940	0000	864
		_sprintf       		CODE           	0058	0000	1916
		_fround        		CODE           	136D	0000	524

C:\Program Files (x86)\Microchip\xc8\v2.10\pic\sources\c90\common\doprnt.c estimated size: 3304

main.c
		_main          		CODE           	1DF1	0000	94

main.c estimated size: 94

